CRITICAL - 2024-12-10 16:36:57 --> Error: Class "PhpOffice\PhpSpreadsheet\IOFactory" not found
[Method: POST, Route: processExcel]
in APPPATH\Controllers\Others.php on line 91.
 1 APPPATH\Controllers\Others.php(77): App\Controllers\Others->processExcelFile('Z:\\CodeIgniter\\newmarketback\\writable\\uploads/20241202 - testlinkedin.xlsx')
 2 SYSTEMPATH\CodeIgniter.php(933): App\Controllers\Others->processExcel()
 3 SYSTEMPATH\CodeIgniter.php(509): CodeIgniter\CodeIgniter->runController(Object(App\Controllers\Others))
 4 SYSTEMPATH\CodeIgniter.php(355): CodeIgniter\CodeIgniter->handleRequest(null, Object(Config\Cache), false)
 5 SYSTEMPATH\Boot.php(312): CodeIgniter\CodeIgniter->run()
 6 SYSTEMPATH\Boot.php(67): CodeIgniter\Boot::runCodeIgniter(Object(CodeIgniter\CodeIgniter))
 7 FCPATH\index.php(66): CodeIgniter\Boot::bootWeb(Object(Config\Paths))
 8 SYSTEMPATH\Commands\Server\rewrite.php(49): require_once('Z:\\CodeIgniter\\newmarketback\\public\\index.php')
CRITICAL - 2024-12-10 16:39:45 --> Error: Class "PhpOffice\PhpSpreadsheet\IOFactory" not found
[Method: POST, Route: processExcel]
in APPPATH\Controllers\Others.php on line 91.
 1 APPPATH\Controllers\Others.php(77): App\Controllers\Others->processExcelFile('Z:\\CodeIgniter\\newmarketback\\writable\\uploads/20241202 - testlinkedin.xlsx')
 2 SYSTEMPATH\CodeIgniter.php(933): App\Controllers\Others->processExcel()
 3 SYSTEMPATH\CodeIgniter.php(509): CodeIgniter\CodeIgniter->runController(Object(App\Controllers\Others))
 4 SYSTEMPATH\CodeIgniter.php(355): CodeIgniter\CodeIgniter->handleRequest(null, Object(Config\Cache), false)
 5 SYSTEMPATH\Boot.php(312): CodeIgniter\CodeIgniter->run()
 6 SYSTEMPATH\Boot.php(67): CodeIgniter\Boot::runCodeIgniter(Object(CodeIgniter\CodeIgniter))
 7 FCPATH\index.php(66): CodeIgniter\Boot::bootWeb(Object(Config\Paths))
 8 SYSTEMPATH\Commands\Server\rewrite.php(49): require_once('Z:\\CodeIgniter\\newmarketback\\public\\index.php')
CRITICAL - 2024-12-10 17:09:49 --> Error: Class "GuzzleHttp\Client" not found
[Method: POST, Route: processExcel]
in APPPATH\Controllers\Others.php on line 68.
 1 APPPATH\Controllers\Others.php(51): App\Controllers\Others->exploreLinkedInPage('001Dp00000LHwfz', 'sansovini claudia', 'mandelieu')
 2 APPPATH\Controllers\Others.php(26): App\Controllers\Others->processExcelFile('Z:\\CodeIgniter\\newmarketback\\writable\\uploads/20241202 - testlinkedin.xlsx')
 3 SYSTEMPATH\CodeIgniter.php(933): App\Controllers\Others->processExcel()
 4 SYSTEMPATH\CodeIgniter.php(509): CodeIgniter\CodeIgniter->runController(Object(App\Controllers\Others))
 5 SYSTEMPATH\CodeIgniter.php(355): CodeIgniter\CodeIgniter->handleRequest(null, Object(Config\Cache), false)
 6 SYSTEMPATH\Boot.php(312): CodeIgniter\CodeIgniter->run()
 7 SYSTEMPATH\Boot.php(67): CodeIgniter\Boot::runCodeIgniter(Object(CodeIgniter\CodeIgniter))
 8 FCPATH\index.php(66): CodeIgniter\Boot::bootWeb(Object(Config\Paths))
 9 SYSTEMPATH\Commands\Server\rewrite.php(49): require_once('Z:\\CodeIgniter\\newmarketback\\public\\index.php')
CRITICAL - 2024-12-10 17:12:43 --> ErrorException: Maximum execution time of 60 seconds exceeded
[Method: POST, Route: processExcel]
in VENDORPATH\guzzlehttp\guzzle\src\Handler\CurlHandler.php on line 45.
 1 [internal function]: CodeIgniter\Debug\Exceptions->shutdownHandler()
